Category: 📺央视频道, Name: CCTV-2, Total: 14, Valid: 14, Valid Percent: 100.00%, Whitelist: 0, IPv4: 14, IPv6: 0, Min Delay: 579 ms, Max Speed: 2.46 M/s, Avg Speed: 1.95 M/s, Max Resolution: 1920x1080
Category: 📺央视频道, Name: CCTV-3, Total: 13, Valid: 13, Valid Percent: 100.00%, Whitelist: 0, IPv4: 13, IPv6: 0, Min Delay: 521 ms, Max Speed: 5.77 M/s, Avg Speed: 3.27 M/s, Max Resolution: 1920x1080
Category: 📺央视频道, Name: CCTV-4, Total: 17, Valid: 17, Valid Percent: 100.00%, Whitelist: 0, IPv4: 17, IPv6: 0, Min Delay: 62 ms, Max Speed: 64.81 M/s, Avg Speed: 17.32 M/s, Max Resolution: 1920x1080
Category: 📺央视频道, Name: CCTV-5, Total: 29, Valid: 29, Valid Percent: 100.00%, Whitelist: 0, IPv4: 29, IPv6: 0, Min Delay: 62 ms, Max Speed: 64.81 M/s, Avg Speed: 13.26 M/s, Max Resolution: 1920x1080
Category: 📺央视频道, Name: CCTV-5+, Total: 7, Valid: 7, Valid Percent: 100.00%, Whitelist: 0, IPv4: 7, IPv6: 0, Min Delay: 605 ms, Max Speed: 5.77 M/s, Avg Speed: 3.18 M/s, Max Resolution: 1920x1080
Category: 📺央视频道, Name: CCTV-6, Total: 22, Valid: 22, Valid Percent: 100.00%, Whitelist: 0, IPv4: 22, IPv6: 0, Min Delay: 62 ms, Max Speed: 64.81 M/s, Avg Speed: 22.32 M/s, Max Resolution: 1920x1080
Category: 📺央视频道, Name: CCTV-7, Total: 21, Valid: 21, Valid Percent: 100.00%, Whitelist: 0, IPv4: 21, IPv6: 0, Min Delay: 62 ms, Max Speed: 64.81 M/s, Avg Speed: 23.27 M/s, Max Resolution: 1920x1080
Category: 📺央视频道, Name: CCTV-8, Total: 25, Valid: 25, Valid Percent: 100.00%, Whitelist: 0, IPv4: 25, IPv6: 0, Min Delay: 62 ms, Max Speed: 64.81 M/s, Avg Speed: 17.53 M/s, Max Resolution: 1920x1080
Category: 📺央视频道, Name: CCTV-9, Total: 24, Valid: 24, Valid Percent: 100.00%, Whitelist: 0, IPv4: 24, IPv6: 0, Min Delay: 62 ms, Max Speed: 64.81 M/s, Avg Speed: 20.48 M/s, Max Resolution: 1920x1080
Category: 📺央视频道, Name: CCTV-10, Total: 26, Valid: 26, Valid Percent: 100.00%, Whitelist: 0, IPv4: 26, IPv6: 0, Min Delay: 62 ms, Max Speed: 64.81 M/s, Avg Speed: 18.96 M/s, Max Resolution: 1920x1080
Category: 📺央视频道, Name: CCTV-11, Total: 20, Valid: 20, Valid Percent: 100.00%, Whitelist: 0, IPv4: 20, IPv6: 0, Min Delay: 62 ms, Max Speed: 64.81 M/s, Avg Speed: 21.19 M/s, Max Resolution: 1920x1080
Category: 📺央视频道, Name: CCTV-12, Total: 21, Valid: 21, Valid Percent: 100.00%, Whitelist: 0, IPv4: 21, IPv6: 0, Min Delay: 62 ms, Max Speed: 64.81 M/s, Avg Speed: 23.27 M/s, Max Resolution: 1920x1080
Category: 📺央视频道, Name: CCTV-13, Total: 21, Valid: 21, Valid Percent: 100.00%, Whitelist: 0, IPv4: 19, IPv6: 2, Min Delay: 62 ms, Max Speed: 64.81 M/s, Avg Speed: 23.21 M/s, Max Resolution: 1920x1080
Category: 📺央视频道, Name: CCTV-14, Total: 23, Valid: 23, Valid Percent: 100.00%, Whitelist: 0, IPv4: 23, IPv6: 0, Min Delay: 62 ms, Max Speed: 64.81 M/s, Avg Speed: 21.45 M/s, Max Resolution: 1920x1080
Category: 📺央视频道, Name: CCTV-15, Total: 23, Valid: 23, Valid Percent: 100.00%, Whitelist: 0, IPv4: 23, IPv6: 0, Min Delay: 62 ms, Max Speed: 64.81 M/s, Avg Speed: 21.45 M/s, Max Resolution: 1920x1080
Category: 📺央视频道, Name: CCTV-16, Total: 18, Valid: 18, Valid Percent: 100.00%, Whitelist: 0, IPv4: 18, IPv6: 0, Min Delay: 62 ms, Max Speed: 64.81 M/s, Avg Speed: 16.47 M/s, Max Resolution: 1920x1080
Category: 📺央视频道, Name: CCTV-17, Total: 20, Valid: 20, Valid Percent: 100.00%, Whitelist: 0, IPv4: 20, IPv6: 0, Min Delay: 62 ms, Max Speed: 64.81 M/s, Avg Speed: 24.43 M/s, Max Resolution: 1920x1080
Category: 📡卫视频道, Name: 广东卫视, Total: 15, Valid: 15, Valid Percent: 100.00%, Whitelist: 0, IPv4: 15, IPv6: 0, Min Delay: 62 ms, Max Speed: 64.81 M/s, Avg Speed: 27.45 M/s, Max Resolution: 1920x1080
Category: 📡卫视频道, Name: 浙江卫视, Total: 19, Valid: 19, Valid Percent: 100.00%, Whitelist: 0, IPv4: 18, IPv6: 1, Min Delay: 62 ms, Max Speed: 64.81 M/s, Avg Speed: 21.99 M/s, Max Resolution: 1920x1080
Category: 📡卫视频道, Name: 湖南卫视, Total: 25, Valid: 25, Valid Percent: 100.00%, Whitelist: 0, IPv4: 25, IPv6: 0, Min Delay: 62 ms, Max Speed: 64.81 M/s, Avg Speed: 19.60 M/s, Max Resolution: 3840x2160
Category: 📡卫视频道, Name: 北京卫视, Total: 18, Valid: 18, Valid Percent: 100.00%, Whitelist: 0, IPv4: 18, IPv6: 0, Min Delay: 62 ms, Max Speed: 64.81 M/s, Avg Speed: 23.18 M/s, Max Resolution: 1920x1080
Category: 📡卫视频道, Name: 湖北卫视, Total: 16, Valid: 16, Valid Percent: 100.00%, Whitelist: 0, IPv4: 16, IPv6: 0, Min Delay: 62 ms, Max Speed: 64.81 M/s, Avg Speed: 25.76 M/s, Max Resolution: 1920x1080
Category: 📡卫视频道, Name: 黑龙江卫视, Total: 16, Valid: 16, Valid Percent: 100.00%, Whitelist: 0, IPv4: 16, IPv6: 0, Min Delay: 62 ms, Max Speed: 64.81 M/s, Avg Speed: 29.66 M/s, Max Resolution: 1920x1080
Category: 📡卫视频道, Name: 安徽卫视, Total: 16, Valid: 16, Valid Percent: 100.00%, Whitelist: 0, IPv4: 16, IPv6: 0, Min Delay: 62 ms, Max Speed: 64.81 M/s, Avg Speed: 25.82 M/s, Max Resolution: 1920x1080
Category: 📡卫视频道, Name: 重庆卫视, Total: 17, Valid: 17, Valid Percent: 100.00%, Whitelist: 0, IPv4: 17, IPv6: 0, Min Delay: 62 ms, Max Speed: 64.81 M/s, Avg Speed: 28.06 M/s, Max Resolution: 1920x1080
Category: 📡卫视频道, Name: 东方卫视, Total: 20, Valid: 20, Valid Percent: 100.00%, Whitelist: 0, IPv4: 20, IPv6: 0, Min Delay: 62 ms, Max Speed: 64.81 M/s, Avg Speed: 24.79 M/s, Max Resolution: 1920x1080
Category: 📡卫视频道, Name: 东南卫视, Total: 16, Valid: 16, Valid Percent: 100.00%, Whitelist: 0, IPv4: 16, IPv6: 0, Min Delay: 62 ms, Max Speed: 64.81 M/s, Avg Speed: 33.72 M/s, Max Resolution: 1920x1080
Category: 📡卫视频道, Name: 甘肃卫视, Total: 11, Valid: 11, Valid Percent: 100.00%, Whitelist: 0, IPv4: 11, IPv6: 0, Min Delay: 62 ms, Max Speed: 64.81 M/s, Avg Speed: 41.82 M/s, Max Resolution: 1920x1080
Category: 📡卫视频道, Name: 广西卫视, Total: 17, Valid: 16, Valid Percent: 94.12%, Whitelist: 0, IPv4: 17, IPv6: 0, Min Delay: 62 ms, Max Speed: 64.81 M/s, Avg Speed: 37.63 M/s, Max Resolution: 1920x1080
Category: 📡卫视频道, Name: 贵州卫视, Total: 18, Valid: 18, Valid Percent: 100.00%, Whitelist: 0, IPv4: 18, IPv6: 0, Min Delay: 62 ms, Max Speed: 64.81 M/s, Avg Speed: 37.13 M/s, Max Resolution: 1920x1080
Category: 📡卫视频道, Name: 海南卫视, Total: 11, Valid: 11, Valid Percent: 100.00%, Whitelist: 0, IPv4: 11, IPv6: 0, Min Delay: 62 ms, Max Speed: 64.81 M/s, Avg Speed: 41.76 M/s, Max Resolution: 1920x1080
Category: 📡卫视频道, Name: 河北卫视, Total: 19, Valid: 19, Valid Percent: 100.00%, Whitelist: 0, IPv4: 19, IPv6: 0, Min Delay: 62 ms, Max Speed: 64.81 M/s, Avg Speed: 31.93 M/s, Max Resolution: 1920x1080
Category: 📡卫视频道, Name: 河南卫视, Total: 20, Valid: 20, Valid Percent: 100.00%, Whitelist: 0, IPv4: 20, IPv6: 0, Min Delay: 62 ms, Max Speed: 64.81 M/s, Avg Speed: 33.62 M/s, Max Resolution: 1920x1080
Category: 📡卫视频道, Name: 吉林卫视, Total: 14, Valid: 14, Valid Percent: 100.00%, Whitelist: 0, IPv4: 14, IPv6: 0, Min Delay: 62 ms, Max Speed: 64.81 M/s, Avg Speed: 29.22 M/s, Max Resolution: 1920x1080
Category: 📡卫视频道, Name: 江苏卫视, Total: 21, Valid: 21, Valid Percent: 100.00%, Whitelist: 0, IPv4: 21, IPv6: 0, Min Delay: 62 ms, Max Speed: 64.81 M/s, Avg Speed: 23.28 M/s, Max Resolution: 1920x1080
Category: 📡卫视频道, Name: 江西卫视, Total: 16, Valid: 16, Valid Percent: 100.00%, Whitelist: 0, IPv4: 16, IPv6: 0, Min Delay: 62 ms, Max Speed: 64.81 M/s, Avg Speed: 29.66 M/s, Max Resolution: 1920x1080
Category: 📡卫视频道, Name: 辽宁卫视, Total: 19, Valid: 17, Valid Percent: 89.47%, Whitelist: 0, IPv4: 19, IPv6: 0, Min Delay: 62 ms, Max Speed: 64.81 M/s, Avg Speed: 31.83 M/s, Max Resolution: 1920x1080
Category: 📡卫视频道, Name: 内蒙古卫视, Total: 14, Valid: 14, Valid Percent: 100.00%, Whitelist: 0, IPv4: 14, IPv6: 0, Min Delay: 62 ms, Max Speed: 64.81 M/s, Avg Speed: 24.60 M/s, Max Resolution: 1920x1080
Category: 📡卫视频道, Name: 宁夏卫视, Total: 13, Valid: 13, Valid Percent: 100.00%, Whitelist: 0, IPv4: 13, IPv6: 0, Min Delay: 62 ms, Max Speed: 64.81 M/s, Avg Speed: 31.46 M/s, Max Resolution: 1920x1080
Category: 📡卫视频道, Name: 青海卫视, Total: 18, Valid: 18, Valid Percent: 100.00%, Whitelist: 0, IPv4: 16, IPv6: 2, Min Delay: 62 ms, Max Speed: 64.81 M/s, Avg Speed: 30.07 M/s, Max Resolution: 1920x1080
Category: 📡卫视频道, Name: 山东卫视, Total: 20, Valid: 20, Valid Percent: 100.00%, Whitelist: 0, IPv4: 20, IPv6: 0, Min Delay: 62 ms, Max Speed: 64.81 M/s, Avg Speed: 23.94 M/s, Max Resolution: 1920x1080
Category: 📡卫视频道, Name: 山西卫视, Total: 12, Valid: 12, Valid Percent: 100.00%, Whitelist: 0, IPv4: 12, IPv6: 0, Min Delay: 62 ms, Max Speed: 64.81 M/s, Avg Speed: 28.55 M/s, Max Resolution: 1920x1080
Category: 📡卫视频道, Name: 陕西卫视, Total: 12, Valid: 12, Valid Percent: 100.00%, Whitelist: 0, IPv4: 12, IPv6: 0, Min Delay: 62 ms, Max Speed: 64.81 M/s, Avg Speed: 18.14 M/s, Max Resolution: 1920x1080
Category: 📡卫视频道, Name: 四川卫视, Total: 20, Valid: 20, Valid Percent: 100.00%, Whitelist: 0, IPv4: 20, IPv6: 0, Min Delay: 62 ms, Max Speed: 64.81 M/s, Avg Speed: 33.45 M/s, Max Resolution: 1920x1080
Category: 📡卫视频道, Name: 深圳卫视, Total: 17, Valid: 16, Valid Percent: 94.12%, Whitelist: 0, IPv4: 17, IPv6: 0, Min Delay: 62 ms, Max Speed: 64.81 M/s, Avg Speed: 29.87 M/s, Max Resolution: 1920x1080
Category: 📡卫视频道, Name: 三沙卫视, Total: 11, Valid: 11, Valid Percent: 100.00%, Whitelist: 0, IPv4: 11, IPv6: 0, Min Delay: 62 ms, Max Speed: 64.81 M/s, Avg Speed: 37.03 M/s, Max Resolution: 1920x1080
Category: 📡卫视频道, Name: 天津卫视, Total: 15, Valid: 14, Valid Percent: 93.33%, Whitelist: 0, IPv4: 15, IPv6: 0, Min Delay: 62 ms, Max Speed: 64.81 M/s, Avg Speed: 29.45 M/s, Max Resolution: 1920x1080
Category: 📡卫视频道, Name: 西藏卫视, Total: 14, Valid: 14, Valid Percent: 100.00%, Whitelist: 0, IPv4: 12, IPv6: 2, Min Delay: 62 ms, Max Speed: 64.81 M/s, Avg Speed: 24.44 M/s, Max Resolution: 1920x1080
Category: 📡卫视频道, Name: 新疆卫视, Total: 20, Valid: 20, Valid Percent: 100.00%, Whitelist: 0, IPv4: 19, IPv6: 1, Min Delay: 62 ms, Max Speed: 64.81 M/s, Avg Speed: 17.39 M/s, Max Resolution: 1920x1080
Category: 📡卫视频道, Name: 云南卫视, Total: 22, Valid: 22, Valid Percent: 100.00%, Whitelist: 0, IPv4: 21, IPv6: 1, Min Delay: 62 ms, Max Speed: 64.81 M/s, Avg Speed: 27.52 M/s, Max Resolution: 1920x1080
